# 查看看磁盘分区

## fdisk -l 查看磁盘分区

```bash
suse01:~ # fdisk -l  
Disk /dev/sda: 40 GiB, 42949672960 bytes, 83886080 sectors
Disk model: VMware Virtual S
Units: sectors of 1 * 512 = 512 bytes
Sector size (logical/physical): 512 bytes / 512 bytes
I/O size (minimum/optimal): 512 bytes / 512 bytes
Disklabel type: gpt
Disk identifier: 0A80B034-6621-417A-B4DC-5EBB2DC48E8D

Device        Start      End  Sectors Size Type
/dev/sda1      2048    18431    16384   8M BIOS boot #第一分区
/dev/sda2     18432 79689727 79671296  38G Linux filesystem #第二分区
/dev/sda3  79689728 83886046  4196319   2G Linux swap#第三分区


Disk /dev/sdb: 8 GiB, 8589934592 bytes, 16777216 sectors
Disk model: VMware Virtual S
Units: sectors of 1 * 512 = 512 bytes
Sector size (logical/physical): 512 bytes / 512 bytes
I/O size (minimum/optimal): 512 bytes / 512 bytes

```

## lsblk 查看磁盘分区及挂载

```
suse01:~ # lsblk
NAME   MAJ:MIN RM  SIZE RO TYPE MOUNTPOINTS
sda      8:0    0   40G  0 disk 
├─sda1   8:1    0    8M  0 part 
├─sda2   8:2    0   38G  0 part /var
│                               /usr/local
│                               /tmp
│                               /srv
│                               /root
│                               /opt
│                               /home
│                               /boot/grub2/x86_64-efi
│                               /boot/grub2/i386-pc
│                               /.snapshots
│                               /
└─sda3   8:3    0    2G  0 part [SWAP]
sdb      8:16   0    8G  0 disk 
sr0     11:0    1  4.1G  0 rom 
```

# LVM管理磁盘

> 
>
> LVM的工作原理其实很简单，它就是通过将底层的物理硬盘抽象的封装起来，然后以逻辑卷的方式呈现给上层应用。在传统的磁盘管理机制中，我们的上层应用是直接访问文件系统，从而对底层的物理硬盘进行读取，而在LVM中，其通过对底层的硬盘进行封装，当我们对底层的物理硬盘进行操作时，其不再是针对于分区进行操作，而是通过一个叫做逻辑卷的东西来对其进行底层的磁盘管理操作。比如说我增加一个物理硬盘，这个时候上层的服务是感觉不到的，因为呈现给上次服务的是以逻辑卷的方式
>
> 
>
> vm包括以下几个概念：
>
> ######  Physical volume (PV)
>
> 指代磁盘上的物理分区
>
> ###### Volume group (VG)
>
> VG类似与物理硬盘，由多个物理分区组成，可以在VG上创建一个或者多个逻辑卷（LV）
>
> ###### Logical volume (LV)
>
> 在VG的基础上划分出来的逻辑分区，在这个分区上可以建立文件系统，如home
>
> ###### Physical extent (PE)
>
> 每个逻辑卷被划分的最小可寻址单元，一般为4MB。
>
> 接下来记录一下对home分区进行扩容的过程。

## 使用流程

物理硬盘-->转换成物理卷（PV）-->加入卷组(VG)-->制作成逻辑卷（LV）-->格式化-->挂载

### 1.创建物理卷pvcreate

```bash
suse01:~ # pvcreate /dev/sdb
  Physical volume "/dev/sdb" successfully created.
#查看物理卷 pvdisplay
suse01:~ # pvdisplay
  "/dev/sdb" is a new physical volume of "8.00 GiB"
  --- NEW Physical volume ---
  PV Name               /dev/sdb
  VG Name               
  PV Size               8.00 GiB
  Allocatable           NO
  PE Size               0   
  Total PE              0
  Free PE               0
  Allocated PE          0
  PV UUID               ripbTx-sLs5-Fis3-CwXn-tAe2-UHpL-ihbixX
```



### 2.创建卷组vgcreate

```bash
 vgcreate vg01 /dev/sdb 
  Volume group "vg01" successfully created
  
#查看卷组 vgdisplay 或者 vgs
suse01:~ # vgdisplay 
  --- Volume group ---
  VG Name               vg01
  System ID             
  Format                lvm2
  Metadata Areas        1
  Metadata Sequence No  1
  VG Access             read/write
  VG Status             resizable
  MAX LV                0
  Cur LV                0
  Open LV               0
  Max PV                0
  Cur PV                1 #当前只有一个PV
  Act PV                1
  VG Size               8.00 GiB
  PE Size               4.00 MiB
  Total PE              2047 #总的物理区块数量
  Alloc PE / Size       0 / 0   
  Free  PE / Size       2047 / 8.00 GiB #空闲的物理区块数量
  VG UUID               uhJCBP-QbaZ-tNnA-X3pN-rpnz-Mdam-nTlOKw
  
#查看卷组
suse01:~ # vgs 
  VG   #PV #LV #SN Attr   VSize VFree
  vg01   1   0   0 wz--n- 8.00g 8.00g
  
```

### 3.创建逻辑卷 lvcreate

- `lvcreate`: 创建逻辑卷的命令。
- `-n mylv`: 指定要创建的逻辑卷的名称为 `mylv`。
- `-L 2G`: 指定逻辑卷的大小为 2GB。
- `vg01`: 指定要在其中创建逻辑卷的卷组名称为 `vg01`。

```bash
suse01:~ # lvcreate -n mylv -L 2G vg01
  Logical volume "mylv" created.


#查看逻辑卷
suse01:~ # lvdisplay 
  --- Logical volume ---
  LV Path                /dev/vg01/mylv #逻辑卷的路径
  LV Name                mylv
  VG Name                vg01
  LV UUID                IleGxj-R6Gp-Zwlh-c2g6-xfcz-lmc2-lyNRJR
  LV Write Access        read/write
  LV Creation host, time suse01, 2024-04-10 07:54:52 +0800
  LV Status              available
  # open                 0
  LV Size                2.00 GiB  #逻辑卷的大小
  Current LE             512
  Segments               1
  Allocation             inherit
  Read ahead sectors     auto
  - currently set to     1024
  Block device           254:0


```



###  4.格式化LV

- 可以使用 `df -T` 命令列出当前挂载的所有文件系统，并显示它们的文件系统类型

```
suse01:/dev/vg01 # df -T
Filesystem     Type     1K-blocks     Used Available Use% Mounted on
devtmpfs       devtmpfs      4096        0      4096   0% /dev
tmpfs          tmpfs      2009352        4   2009348   1% /dev/shm
tmpfs          tmpfs       803744    17492    786252   3% /run
tmpfs          tmpfs         4096        0      4096   0% /sys/fs/cgroup
/dev/sda2      btrfs     39835648 14678772  24456108  38% /
/dev/sda2      btrfs     39835648 14678772  24456108  38% /.snapshots
/dev/sda2      btrfs     39835648 14678772  24456108  38% /boot/grub2/i386-pc
/dev/sda2      btrfs     39835648 14678772  24456108  38% /boot/grub2/x86_64-efi
/dev/sda2      btrfs     39835648 14678772  24456108  38% /home
/dev/sda2      btrfs     39835648 14678772  24456108  38% /opt
/dev/sda2      btrfs     39835648 14678772  24456108  38% /root
/dev/sda2      btrfs     39835648 14678772  24456108  38% /srv
/dev/sda2      btrfs     39835648 14678772  24456108  38% /tmp
/dev/sda2      btrfs     39835648 14678772  24456108  38% /usr/local
/dev/sda2      btrfs     39835648 14678772  24456108  38% /var
tmpfs          tmpfs       401868        4    401864   1% /run/user/0

```

- 使用 Btrfs 文件系统对逻辑卷 `/dev/vg01/mylv` 进行了格式化

```bash
suse01:/dev/vg01 # mkfs.btrfs /dev/vg01/mylv 
btrfs-progs v5.14 
See http://btrfs.wiki.kernel.org for more information.

Label:              (null)
UUID:               caeb143a-36e9-4b50-9c89-f156306c3b79
Node size:          16384
Sector size:        4096
Filesystem size:    2.00GiB
Block group profiles:
  Data:             single            8.00MiB
  Metadata:         DUP             102.38MiB
  System:           DUP               8.00MiB
SSD detected:       no
Zoned device:       no
Incompat features:  extref, skinny-metadata
Runtime features:   
Checksum:           crc32c
Number of devices:  1
Devices:
   ID        SIZE  PATH
    1     2.00GiB  /dev/vg01/mylv

```

### 5.挂载到/mnt下面

```bash

#临时挂载
mout /dev/vg01/mylv  /mnt


#永久挂载
echo '/dev/vg01/mylv /mnt   btrfs    defaults 0 2' >> /dev/fstab

#/dev/vg01/mylv 是要挂载的设备路径。
#/mnt 是挂载点。
#btrfs 是文件系统类型。
#defaults 是挂载选项，通常包括 rw（读写）和其他默认选项。
#0 是用于备份的字段，通常设置为 0。
#2 是用于文件系统检查的字段，通常设置为 2。

#
suse01:/dev/vg01 # lsblk
NAME        MAJ:MIN RM  SIZE RO TYPE MOUNTPOINTS
sda           8:0    0   40G  0 disk 
├─sda1        8:1    0    8M  0 part 
├─sda2        8:2    0   38G  0 part /var
│                                    /usr/local
│                                    /tmp
│                                    /srv
│                                    /root
│                                    /opt
│                                    /home
│                                    /boot/grub2/x86_64-efi
│                                    /boot/grub2/i386-pc
│                                    /.snapshots
│                                    /
└─sda3        8:3    0    2G  0 part [SWAP]
sdb           8:16   0    8G  0 disk 
└─vg01-mylv 254:0    0    2G  0 lvm  /mnt
sr0          11:0    1  4.1G  0 rom 

```



# ref

https://zhuanlan.zhihu.com/p/296777898